<html>
<body>
<pre>
<h1>µVision Build Log</h1>
<h2>Tool Versions:</h2>
IDE-Version: µVision V5.22.0.0
Copyright (C) 2016 ARM Ltd and ARM Germany GmbH. All rights reserved.
License Information: Tom Liang, SFU, LIC=----
 
Tool Versions:
Toolchain:       MDK-Lite  Version: 5.22
Toolchain Path:  C:\Keil_v5\ARM\ARMCC\Bin
C Compiler:      Armcc.exe V5.06 update 4 (build 422)
Assembler:       Armasm.exe V5.06 update 4 (build 422)
Linker/Locator:  ArmLink.exe V5.06 update 4 (build 422)
Library Manager: ArmAr.exe V5.06 update 4 (build 422)
Hex Converter:   FromElf.exe V5.06 update 4 (build 422)
CPU DLL:         SARMCM3.DLL V5.22
Dialog DLL:      DCM.DLL V1.13.9.0
Target DLL:      STLink\ST-LINKIII-KEIL_SWO.dll V2.0.18.0
Dialog DLL:      TCM.DLL V1.21.0.0
 
<h2>Project:</h2>
C:\Users\Tom Liang\Desktop\Fall 2016\MSE352\Lab\(important) stm32f429-projects\00-352 project II Dec 1st\project.uvprojx
Project File Date:  11/24/2016

<h2>Output:</h2>
*** Using Compiler 'V5.06 update 4 (build 422)', folder: 'C:\Keil_v5\ARM\ARMCC\Bin'
Rebuild target 'STM32F4-Discovery'
assembling startup_stm32f40_41xxx.s...
compiling stm32f4xx_gpio.c...
compiling misc.c...
compiling stm32f4xx_rcc.c...
compiling stm32f4xx_syscfg.c...
compiling stm32f4xx_exti.c...
compiling tm_stm32f4_delay.c...
compiling tm_stm32f4_disco.c...
compiling tm_stm32f4_gpio.c...
compiling tm_stm32f4_exti.c...
compiling stm32f4xx_it.c...
compiling main.c...
User\main.c(25): warning:  #1-D: last line of file ends without a newline
  }
User\main.c: 1 warning, 0 errors
compiling system_stm32f4xx.c...
linking...
Program Size: Code=3456 RO-data=424 RW-data=36 ZI-data=1684  
FromELF: creating hex file...
".\Targets\STM32F4_Discovery\project.axf" - 0 Error(s), 1 Warning(s).

<h2>Collection of Component include folders:</h2>
  C:\Users\Tom Liang\Desktop\Fall 2016\MSE352\Lab\(important) stm32f429-projects\00-352 project II Dec 1st\RTE\_STM32F4-Discovery
  C:\Keil_v5\ARM\PACK\Keil\STM32F4xx_DFP\2.11.0\Drivers\CMSIS\Device\ST\STM32F4xx\Include

<h2>Collection of Component Files used:</h2>
Build Time Elapsed:  00:00:06
</pre>
</body>
</html>
